============================= test session starts =============================
platform win32 -- Python 3.12.8, pytest-7.4.4, pluggy-1.6.0 -- C:\Users\DELL\Desktop\Project\Cook-Mood-Food\backend\venv\Scripts\python.exe
cachedir: .pytest_cache
rootdir: C:\Users\DELL\Desktop\Project\Cook-Mood-Food\backend
plugins: anyio-4.12.1, asyncio-0.23.3
asyncio: mode=Mode.STRICT
collecting ... collected 12 items

tests/test_comprehensive.py::TestIngredientNormalizer::test_parse_input_basic PASSED [  8%]
tests/test_comprehensive.py::TestIngredientNormalizer::test_normalize_list PASSED [ 16%]
tests/test_comprehensive.py::TestRecipeEngine::test_match_by_ingredients PASSED [ 25%]
tests/test_comprehensive.py::TestRecipeEngine::test_get_fitness_recipes PASSED [ 33%]
tests/test_comprehensive.py::TestFridgeRoutes::test_match_recipes_success FAILED [ 41%]
tests/test_comprehensive.py::TestFridgeRoutes::test_match_with_servings FAILED [ 50%]
tests/test_comprehensive.py::TestFitnessRoutes::test_get_fitness_recipes FAILED [ 58%]
tests/test_comprehensive.py::TestFitnessRoutes::test_fitness_recommendation FAILED [ 66%]
tests/test_comprehensive.py::TestCuisineRoutes::test_get_cuisine_recipes FAILED [ 75%]
tests/test_comprehensive.py::TestDrinksRoutes::test_get_drinks FAILED    [ 83%]
tests/test_comprehensive.py::TestDailyRoutes::test_get_daily_recipe FAILED [ 91%]
tests/test_comprehensive.py::TestHistoryRoutes::test_get_history FAILED  [100%]

================================== FAILURES ===================================
_________________ TestFridgeRoutes.test_match_recipes_success _________________
tests\test_comprehensive.py:68: in test_match_recipes_success
    response = await client.post(
E   AttributeError: 'async_generator' object has no attribute 'post'
__________________ TestFridgeRoutes.test_match_with_servings __________________
tests\test_comprehensive.py:79: in test_match_with_servings
    response = await client.post(
E   AttributeError: 'async_generator' object has no attribute 'post'
_________________ TestFitnessRoutes.test_get_fitness_recipes __________________
tests\test_comprehensive.py:95: in test_get_fitness_recipes
    response = await client.get("/api/fitness/?goal=muscle_gain")
E   AttributeError: 'async_generator' object has no attribute 'get'
________________ TestFitnessRoutes.test_fitness_recommendation ________________
tests\test_comprehensive.py:103: in test_fitness_recommendation
    response = await client.get("/api/fitness/recommendation/muscle_gain")
E   AttributeError: 'async_generator' object has no attribute 'get'
_________________ TestCuisineRoutes.test_get_cuisine_recipes __________________
tests\test_comprehensive.py:112: in test_get_cuisine_recipes
    response = await client.get("/api/cuisine/?cuisine=Indian")
E   AttributeError: 'async_generator' object has no attribute 'get'
______________________ TestDrinksRoutes.test_get_drinks _______________________
tests\test_comprehensive.py:123: in test_get_drinks
    response = await client.get("/api/drinks/?category=healthy")
E   AttributeError: 'async_generator' object has no attribute 'get'
____________________ TestDailyRoutes.test_get_daily_recipe ____________________
tests\test_comprehensive.py:134: in test_get_daily_recipe
    response = await client.get("/api/daily/")
E   AttributeError: 'async_generator' object has no attribute 'get'
_____________________ TestHistoryRoutes.test_get_history ______________________
tests\test_comprehensive.py:143: in test_get_history
    response = await client.get("/api/history/")
E   AttributeError: 'async_generator' object has no attribute 'get'
=========================== short test summary info ===========================
FAILED tests/test_comprehensive.py::TestFridgeRoutes::test_match_recipes_success
FAILED tests/test_comprehensive.py::TestFridgeRoutes::test_match_with_servings
FAILED tests/test_comprehensive.py::TestFitnessRoutes::test_get_fitness_recipes
FAILED tests/test_comprehensive.py::TestFitnessRoutes::test_fitness_recommendation
FAILED tests/test_comprehensive.py::TestCuisineRoutes::test_get_cuisine_recipes
FAILED tests/test_comprehensive.py::TestDrinksRoutes::test_get_drinks - Attri...
FAILED tests/test_comprehensive.py::TestDailyRoutes::test_get_daily_recipe - ...
FAILED tests/test_comprehensive.py::TestHistoryRoutes::test_get_history - Att...
========================= 8 failed, 4 passed in 0.79s =========================
